app/(tabs)/saved.tsx(11,20): error TS7006: Parameter 'item' implicitly has an 'any' type.
app/(tabs)/saved.tsx(11,26): error TS7006: Parameter 'layout' implicitly has an 'any' type.
